// Jest Snapshot v1, https://goo.gl/fbAQLP

exports[`Advanced fraud protection settings renders correctly 1`] = `
Object {
  "asFragment": [Function],
  "baseElement": <body>
    <p
      class="a11y-speak-intro-text"
      hidden="hidden"
      id="a11y-speak-intro-text"
      style="position: absolute;margin: -1px;padding: 0;height: 1px;width: 1px;overflow: hidden;clip: rect(1px, 1px, 1px, 1px);-webkit-clip-path: inset(50%);clip-path: inset(50%);border: 0;word-wrap: normal !important;"
    >
      Notifications
    </p>
    <div
      aria-atomic="true"
      aria-live="assertive"
      aria-relevant="additions text"
      class="a11y-speak-region"
      id="a11y-speak-assertive"
      style="position: absolute;margin: -1px;padding: 0;height: 1px;width: 1px;overflow: hidden;clip: rect(1px, 1px, 1px, 1px);-webkit-clip-path: inset(50%);clip-path: inset(50%);border: 0;word-wrap: normal !important;"
    />
    <div
      aria-atomic="true"
      aria-live="polite"
      aria-relevant="additions text"
      class="a11y-speak-region"
      id="a11y-speak-polite"
      style="position: absolute;margin: -1px;padding: 0;height: 1px;width: 1px;overflow: hidden;clip: rect(1px, 1px, 1px, 1px);-webkit-clip-path: inset(50%);clip-path: inset(50%);border: 0;word-wrap: normal !important;"
    />
    <div>
      <div
        class="wcpay-settings-layout"
      >
        <div
          class="fraud-protection-advanced-settings-layout"
        >
          <h2
            class="fraud-protection-header-breadcrumb"
          >
            <a
              data-link-type="wp-admin"
              href="admin.php?page=wc-settings&tab=checkout&section=woocommerce_payments"
            >
              WooCommerce Payments
            </a>
             &gt; 
            Advanced fraud protection
          </h2>
          <div
            class="components-card is-size-medium fraud-protection-rule-card css-1xs3c37-CardUI e1q7k77g0"
          >
            <div
              class="components-card__body is-size-medium wcpay-card-body fraud-protection-rule-card-header-container css-xmjzce-BodyUI e1q7k77g3"
            >
              <div>
                <p
                  class="fraud-protection-rule-card-header"
                >
                  AVS Mismatch
                </p>
                <p
                  class="fraud-protection-rule-card-description"
                >
                  This filter compares the street number and the post code submitted by the customer against the data on file with the card issuer.
                </p>
              </div>
            </div>
            <hr />
            <div
              class="components-card__body is-size-medium wcpay-card-body css-xmjzce-BodyUI e1q7k77g3"
            >
              <div>
                <div
                  class="fraud-protection-rule-description"
                >
                  <strong>
                    How does this filter protect me?
                  </strong>
                  <p>
                    Buyers who can provide the street number and post code on file with the issuing bank are more likely to be the actual account holder. AVS matches, however, are not a guarantee.
                  </p>
                </div>
                <div
                  class="fraud-protection-rule-card-notice fraud-protection-rule-card-notice-warning"
                >
                  <div
                    class="fraud-protection-rule-card-notice-icon"
                  >
                    <svg
                      data-testid="rule-card-notice-warning-icon-svg"
                      fill="none"
                      height="18"
                      viewBox="0 0 18 18"
                      width="18"
                      xmlns="http://www.w3.org/2000/svg"
                    >
                      <path
                        clip-rule="evenodd"
                        d="M9 1.75C4.99594 1.75 1.75 4.99594 1.75 9C1.75 13.0041 4.99594 16.25 9 16.25C13.0041 16.25 16.25 13.0041 16.25 9C16.25 4.99594 13.0041 1.75 9 1.75ZM0.25 9C0.25 4.16751 4.16751 0.25 9 0.25C13.8325 0.25 17.75 4.16751 17.75 9C17.75 13.8325 13.8325 17.75 9 17.75C4.16751 17.75 0.25 13.8325 0.25 9Z"
                        fill="#bd8600"
                        fill-rule="evenodd"
                      />
                      <path
                        d="M10 4H8V10H10V4Z"
                        fill="#bd8600"
                      />
                      <path
                        d="M10 12H8V14H10V12Z"
                        fill="#bd8600"
                      />
                    </svg>
                  </div>
                  <div
                    class="fraud-protection-rule-card-notice-text"
                  >
                    Payments failing address verification will be blocked. For security, this filter cannot be modified. 
                    <a
                      data-link-type="wc-admin"
                      href="https://woocommerce.com/document/payments/additional-payment-methods/#available-methods"
                    >
                      Learn more
                    </a>
                  </div>
                </div>
              </div>
            </div>
          </div>
          <div
            class="components-card is-size-medium fraud-protection-rule-card css-1xs3c37-CardUI e1q7k77g0"
          >
            <div
              class="components-card__body is-size-medium wcpay-card-body fraud-protection-rule-card-header-container css-xmjzce-BodyUI e1q7k77g3"
            >
              <div>
                <p
                  class="fraud-protection-rule-card-header"
                >
                  CVC Verification
                </p>
                <p
                  class="fraud-protection-rule-card-description"
                >
                  This filter checks the security code submitted by the customer against the data on file with the card issuer.
                </p>
              </div>
            </div>
            <hr />
            <div
              class="components-card__body is-size-medium wcpay-card-body css-xmjzce-BodyUI e1q7k77g3"
            >
              <div>
                <div
                  class="fraud-protection-rule-description"
                >
                  <strong>
                    How does this filter protect me?
                  </strong>
                  <p>
                    Because the card security code appears only on the card and not on receipts or statements, the card security code provides some assurance that the physical card is in the possession of the buyer.
                  </p>
                </div>
                <div
                  class="fraud-protection-rule-card-notice fraud-protection-rule-card-notice-warning"
                >
                  <div
                    class="fraud-protection-rule-card-notice-icon"
                  >
                    <svg
                      data-testid="rule-card-notice-warning-icon-svg"
                      fill="none"
                      height="18"
                      viewBox="0 0 18 18"
                      width="18"
                      xmlns="http://www.w3.org/2000/svg"
                    >
                      <path
                        clip-rule="evenodd"
                        d="M9 1.75C4.99594 1.75 1.75 4.99594 1.75 9C1.75 13.0041 4.99594 16.25 9 16.25C13.0041 16.25 16.25 13.0041 16.25 9C16.25 4.99594 13.0041 1.75 9 1.75ZM0.25 9C0.25 4.16751 4.16751 0.25 9 0.25C13.8325 0.25 17.75 4.16751 17.75 9C17.75 13.8325 13.8325 17.75 9 17.75C4.16751 17.75 0.25 13.8325 0.25 9Z"
                        fill="#bd8600"
                        fill-rule="evenodd"
                      />
                      <path
                        d="M10 4H8V10H10V4Z"
                        fill="#bd8600"
                      />
                      <path
                        d="M10 12H8V14H10V12Z"
                        fill="#bd8600"
                      />
                    </svg>
                  </div>
                  <div
                    class="fraud-protection-rule-card-notice-text"
                  >
                    Payments failing CVC verification will be blocked. For security, this filter cannot be modified. 
                    <a
                      data-link-type="wc-admin"
                      href="https://woocommerce.com/document/payments/additional-payment-methods/#available-methods"
                    >
                      Learn more
                    </a>
                  </div>
                </div>
              </div>
            </div>
          </div>
          <div
            class="components-card is-size-medium fraud-protection-rule-card css-1xs3c37-CardUI e1q7k77g0"
          >
            <div
              class="components-card__body is-size-medium wcpay-card-body fraud-protection-rule-card-header-container css-xmjzce-BodyUI e1q7k77g3"
            >
              <div>
                <p
                  class="fraud-protection-rule-card-header"
                >
                  International IP Address
                </p>
                <p
                  class="fraud-protection-rule-card-description"
                >
                  This filter screens for IP addresses outside of your 
                  <a
                    data-link-type="wc-admin"
                    href="#"
                  >
                    supported countries
                  </a>
                  .
                </p>
              </div>
            </div>
            <hr />
            <div
              class="components-card__body is-size-medium wcpay-card-body css-xmjzce-BodyUI e1q7k77g3"
            >
              <div>
                <div
                  class="fraud-protection-rule-toggle"
                >
                  <strong>
                    Enable filtering
                  </strong>
                  <div
                    class="components-base-control components-toggle-control fraud-protection-rule-toggle-toggle css-wdf2ti-Wrapper e1puf3u0"
                  >
                    <div
                      class="components-base-control__field css-11vcxb9-StyledField e1puf3u1"
                    >
                      <span
                        class="components-form-toggle"
                      >
                        <input
                          aria-describedby="inspector-toggle-control-0__help"
                          class="components-form-toggle__input"
                          id="inspector-toggle-control-0"
                          type="checkbox"
                        />
                        <span
                          class="components-form-toggle__track"
                        />
                        <span
                          class="components-form-toggle__thumb"
                        />
                      </span>
                      <label
                        class="components-toggle-control__label"
                        for="inspector-toggle-control-0"
                      >
                        Screen transactions for international IP addresses
                      </label>
                    </div>
                    <p
                      class="components-base-control__help css-1wm1a55-StyledHelp e1puf3u3"
                      id="inspector-toggle-control-0__help"
                    >
                      When enabled, the payment method will not be charged until you review and approve the transaction
                    </p>
                  </div>
                </div>
                <div
                  class="fraud-protection-rule-description"
                >
                  <strong>
                    How does this filter protect me?
                  </strong>
                  <p>
                    You should be especially wary when a customer has an international IP address but uses domestic billing and shipping information. Fraudsters often pretend to live in one location, but live and shop from another.
                  </p>
                </div>
              </div>
            </div>
          </div>
          <div
            class="components-card is-size-medium fraud-protection-rule-card css-1xs3c37-CardUI e1q7k77g0"
          >
            <div
              class="components-card__body is-size-medium wcpay-card-body fraud-protection-rule-card-header-container css-xmjzce-BodyUI e1q7k77g3"
            >
              <div>
                <p
                  class="fraud-protection-rule-card-header"
                >
                  International Billing Address
                </p>
                <p
                  class="fraud-protection-rule-card-description"
                >
                  This filter screens the customer's billing information for addresses outside of your 
                  <a
                    data-link-type="wc-admin"
                    href="#"
                  >
                    supported countries
                  </a>
                  .
                </p>
              </div>
            </div>
            <hr />
            <div
              class="components-card__body is-size-medium wcpay-card-body css-xmjzce-BodyUI e1q7k77g3"
            >
              <div>
                <div
                  class="fraud-protection-rule-toggle"
                >
                  <strong>
                    Enable filtering
                  </strong>
                  <div
                    class="components-base-control components-toggle-control fraud-protection-rule-toggle-toggle css-wdf2ti-Wrapper e1puf3u0"
                  >
                    <div
                      class="components-base-control__field css-11vcxb9-StyledField e1puf3u1"
                    >
                      <span
                        class="components-form-toggle"
                      >
                        <input
                          aria-describedby="inspector-toggle-control-1__help"
                          class="components-form-toggle__input"
                          id="inspector-toggle-control-1"
                          type="checkbox"
                        />
                        <span
                          class="components-form-toggle__track"
                        />
                        <span
                          class="components-form-toggle__thumb"
                        />
                      </span>
                      <label
                        class="components-toggle-control__label"
                        for="inspector-toggle-control-1"
                      >
                        Screen transactions for international billing addresses
                      </label>
                    </div>
                    <p
                      class="components-base-control__help css-1wm1a55-StyledHelp e1puf3u3"
                      id="inspector-toggle-control-1__help"
                    >
                      When enabled, the payment method will not be charged until you review and approve the transaction
                    </p>
                  </div>
                </div>
                <div
                  class="fraud-protection-rule-description"
                >
                  <strong>
                    How does this filter protect me?
                  </strong>
                  <p>
                    Due to the difficulty of authenticating foreign citizens and cross-border legal enforcement against fraudulent activities, you should exercise caution when accepting orders from customers in foreign countries who are using non-domestic addresses.
                  </p>
                </div>
              </div>
            </div>
          </div>
          <div
            class="components-card is-size-medium fraud-protection-rule-card css-1xs3c37-CardUI e1q7k77g0"
          >
            <div
              class="components-card__body is-size-medium wcpay-card-body fraud-protection-rule-card-header-container css-xmjzce-BodyUI e1q7k77g3"
            >
              <div>
                <p
                  class="fraud-protection-rule-card-header"
                >
                  Address Mismatch
                </p>
                <p
                  class="fraud-protection-rule-card-description"
                >
                  This filter screens for differences between the shipping information and the billing information (street, state, post code, and country).
                </p>
              </div>
            </div>
            <hr />
            <div
              class="components-card__body is-size-medium wcpay-card-body css-xmjzce-BodyUI e1q7k77g3"
            >
              <div>
                <div
                  class="fraud-protection-rule-toggle"
                >
                  <strong>
                    Enable filtering
                  </strong>
                  <div
                    class="components-base-control components-toggle-control fraud-protection-rule-toggle-toggle css-wdf2ti-Wrapper e1puf3u0"
                  >
                    <div
                      class="components-base-control__field css-11vcxb9-StyledField e1puf3u1"
                    >
                      <span
                        class="components-form-toggle"
                      >
                        <input
                          aria-describedby="inspector-toggle-control-2__help"
                          class="components-form-toggle__input"
                          id="inspector-toggle-control-2"
                          type="checkbox"
                        />
                        <span
                          class="components-form-toggle__track"
                        />
                        <span
                          class="components-form-toggle__thumb"
                        />
                      </span>
                      <label
                        class="components-toggle-control__label"
                        for="inspector-toggle-control-2"
                      >
                        Screen transactions for mismatched addresses
                      </label>
                    </div>
                    <p
                      class="components-base-control__help css-1wm1a55-StyledHelp e1puf3u3"
                      id="inspector-toggle-control-2__help"
                    >
                      When enabled, the payment method will not be charged until you review and approve the transaction
                    </p>
                  </div>
                </div>
                <div
                  class="fraud-protection-rule-description"
                >
                  <strong>
                    How does this filter protect me?
                  </strong>
                  <p>
                    There are legitimate reasons for a billing/shipping mismatch with a customer purchase, but a mismatch could also indicate that someone is using a stolen identity to complete a purchase.
                  </p>
                </div>
                <div
                  class="fraud-protection-rule-card-notice fraud-protection-rule-card-notice-info"
                >
                  <div
                    class="fraud-protection-rule-card-notice-icon"
                  >
                    <svg
                      data-testid="rule-card-notice-info-icon-svg"
                      fill="none"
                      height="18"
                      viewBox="0 0 24 24"
                      width="18"
                      xmlns="http://www.w3.org/2000/svg"
                    >
                      <circle
                        cx="12"
                        cy="9"
                        r="5"
                        stroke="#007CBA"
                        stroke-width="1.42857"
                      />
                      <line
                        stroke="#007CBA"
                        stroke-width="1.5"
                        x1="9"
                        x2="15"
                        y1="16.8818"
                        y2="16.8818"
                      />
                      <line
                        stroke="#007CBA"
                        stroke-width="1.5"
                        x1="10"
                        x2="14"
                        y1="19.25"
                        y2="19.25"
                      />
                    </svg>
                  </div>
                  <div
                    class="fraud-protection-rule-card-notice-text"
                  >
                    This filter may modify the address input on your checkout. 
                    <a
                      data-link-type="wc-admin"
                      href="https://woocommerce.com/document/payments/additional-payment-methods/#available-methods"
                    >
                      Learn more
                    </a>
                  </div>
                </div>
              </div>
            </div>
          </div>
          <div
            class="components-card is-size-medium fraud-protection-rule-card css-1xs3c37-CardUI e1q7k77g0"
          >
            <div
              class="components-card__body is-size-medium wcpay-card-body fraud-protection-rule-card-header-container css-xmjzce-BodyUI e1q7k77g3"
            >
              <div>
                <p
                  class="fraud-protection-rule-card-header"
                >
                  Order Velocity
                </p>
                <p
                  class="fraud-protection-rule-card-description"
                >
                  This filter screens for excessive repeat orders from the same IP address or payment card.
                </p>
              </div>
            </div>
            <hr />
            <div
              class="components-card__body is-size-medium wcpay-card-body css-xmjzce-BodyUI e1q7k77g3"
            >
              <div
                class="fraud-protection-rule-toggle"
              >
                <strong>
                  Enable filtering
                </strong>
                <div
                  class="components-base-control components-toggle-control fraud-protection-rule-toggle-toggle css-wdf2ti-Wrapper e1puf3u0"
                >
                  <div
                    class="components-base-control__field css-11vcxb9-StyledField e1puf3u1"
                  >
                    <span
                      class="components-form-toggle"
                    >
                      <input
                        aria-describedby="inspector-toggle-control-3__help"
                        class="components-form-toggle__input"
                        id="inspector-toggle-control-3"
                        type="checkbox"
                      />
                      <span
                        class="components-form-toggle__track"
                      />
                      <span
                        class="components-form-toggle__thumb"
                      />
                    </span>
                    <label
                      class="components-toggle-control__label"
                      for="inspector-toggle-control-3"
                    >
                      Screen transactions for excessive repeat orders
                    </label>
                  </div>
                  <p
                    class="components-base-control__help css-1wm1a55-StyledHelp e1puf3u3"
                    id="inspector-toggle-control-3__help"
                  >
                    When enabled, the payment method will not be charged until you review and approve the transaction
                  </p>
                </div>
              </div>
              <div
                class="fraud-protection-rule-description"
              >
                <strong>
                  How does this filter protect me?
                </strong>
                <p>
                  Fraudsters often submit multiple purchases using an automated script that tests unknown card numbers. Alternatively, the fraudster may attempt to bypass other filters by making multiple small purchases with multiple stolen account numbers.
                </p>
              </div>
            </div>
          </div>
          <div
            class="components-card is-size-medium fraud-protection-rule-card css-1xs3c37-CardUI e1q7k77g0"
          >
            <div
              class="components-card__body is-size-medium wcpay-card-body fraud-protection-rule-card-header-container css-xmjzce-BodyUI e1q7k77g3"
            >
              <div>
                <p
                  class="fraud-protection-rule-card-header"
                >
                  Purchase Price Threshold
                </p>
                <p
                  class="fraud-protection-rule-card-description"
                >
                  This filter compares the purchase price of an order to the minimum and maximum purchase amounts that you specify.
                </p>
              </div>
            </div>
            <hr />
            <div
              class="components-card__body is-size-medium wcpay-card-body css-xmjzce-BodyUI e1q7k77g3"
            >
              <div>
                <div
                  class="fraud-protection-rule-toggle"
                >
                  <strong>
                    Enable filtering
                  </strong>
                  <div
                    class="components-base-control components-toggle-control fraud-protection-rule-toggle-toggle css-wdf2ti-Wrapper e1puf3u0"
                  >
                    <div
                      class="components-base-control__field css-11vcxb9-StyledField e1puf3u1"
                    >
                      <span
                        class="components-form-toggle"
                      >
                        <input
                          aria-describedby="inspector-toggle-control-4__help"
                          class="components-form-toggle__input"
                          id="inspector-toggle-control-4"
                          type="checkbox"
                        />
                        <span
                          class="components-form-toggle__track"
                        />
                        <span
                          class="components-form-toggle__thumb"
                        />
                      </span>
                      <label
                        class="components-toggle-control__label"
                        for="inspector-toggle-control-4"
                      >
                        Screen transactions for abnormal purchase prices
                      </label>
                    </div>
                    <p
                      class="components-base-control__help css-1wm1a55-StyledHelp e1puf3u3"
                      id="inspector-toggle-control-4__help"
                    >
                      When enabled, the payment method will not be charged until you review and approve the transaction
                    </p>
                  </div>
                </div>
                <div
                  class="fraud-protection-rule-description"
                >
                  <strong>
                    How does this filter protect me?
                  </strong>
                  <p>
                    An unusually high purchase amount, compared to the average for your business, can indicate potential fraudulent activity.
                  </p>
                </div>
              </div>
            </div>
          </div>
          <div
            class="components-card is-size-medium fraud-protection-rule-card css-1xs3c37-CardUI e1q7k77g0"
          >
            <div
              class="components-card__body is-size-medium wcpay-card-body fraud-protection-rule-card-header-container css-xmjzce-BodyUI e1q7k77g3"
            >
              <div>
                <p
                  class="fraud-protection-rule-card-header"
                >
                  Order Items Threshold
                </p>
                <p
                  class="fraud-protection-rule-card-description"
                >
                  This filter compares the amount of items in an order to the minimum and maximum counts that you specify.
                </p>
              </div>
            </div>
            <hr />
            <div
              class="components-card__body is-size-medium wcpay-card-body css-xmjzce-BodyUI e1q7k77g3"
            >
              <div>
                <div
                  class="fraud-protection-rule-toggle"
                >
                  <strong>
                    Enable filtering
                  </strong>
                  <div
                    class="components-base-control components-toggle-control fraud-protection-rule-toggle-toggle css-wdf2ti-Wrapper e1puf3u0"
                  >
                    <div
                      class="components-base-control__field css-11vcxb9-StyledField e1puf3u1"
                    >
                      <span
                        class="components-form-toggle"
                      >
                        <input
                          aria-describedby="inspector-toggle-control-5__help"
                          class="components-form-toggle__input"
                          id="inspector-toggle-control-5"
                          type="checkbox"
                        />
                        <span
                          class="components-form-toggle__track"
                        />
                        <span
                          class="components-form-toggle__thumb"
                        />
                      </span>
                      <label
                        class="components-toggle-control__label"
                        for="inspector-toggle-control-5"
                      >
                        Screen transactions for abnormal item counts
                      </label>
                    </div>
                    <p
                      class="components-base-control__help css-1wm1a55-StyledHelp e1puf3u3"
                      id="inspector-toggle-control-5__help"
                    >
                      When enabled, the payment method will not be charged until you review and approve the transaction
                    </p>
                  </div>
                </div>
                <div
                  class="fraud-protection-rule-description"
                >
                  <strong>
                    How does this filter protect me?
                  </strong>
                  <p>
                    An unusually high item count, compared to the average for your business, can indicate potential fraudulent activity.
                  </p>
                </div>
              </div>
            </div>
          </div>
        </div>
      </div>
    </div>
  </body>,
  "container": <div>
    <div
      class="wcpay-settings-layout"
    >
      <div
        class="fraud-protection-advanced-settings-layout"
      >
        <h2
          class="fraud-protection-header-breadcrumb"
        >
          <a
            data-link-type="wp-admin"
            href="admin.php?page=wc-settings&tab=checkout&section=woocommerce_payments"
          >
            WooCommerce Payments
          </a>
           &gt; 
          Advanced fraud protection
        </h2>
        <div
          class="components-card is-size-medium fraud-protection-rule-card css-1xs3c37-CardUI e1q7k77g0"
        >
          <div
            class="components-card__body is-size-medium wcpay-card-body fraud-protection-rule-card-header-container css-xmjzce-BodyUI e1q7k77g3"
          >
            <div>
              <p
                class="fraud-protection-rule-card-header"
              >
                AVS Mismatch
              </p>
              <p
                class="fraud-protection-rule-card-description"
              >
                This filter compares the street number and the post code submitted by the customer against the data on file with the card issuer.
              </p>
            </div>
          </div>
          <hr />
          <div
            class="components-card__body is-size-medium wcpay-card-body css-xmjzce-BodyUI e1q7k77g3"
          >
            <div>
              <div
                class="fraud-protection-rule-description"
              >
                <strong>
                  How does this filter protect me?
                </strong>
                <p>
                  Buyers who can provide the street number and post code on file with the issuing bank are more likely to be the actual account holder. AVS matches, however, are not a guarantee.
                </p>
              </div>
              <div
                class="fraud-protection-rule-card-notice fraud-protection-rule-card-notice-warning"
              >
                <div
                  class="fraud-protection-rule-card-notice-icon"
                >
                  <svg
                    data-testid="rule-card-notice-warning-icon-svg"
                    fill="none"
                    height="18"
                    viewBox="0 0 18 18"
                    width="18"
                    xmlns="http://www.w3.org/2000/svg"
                  >
                    <path
                      clip-rule="evenodd"
                      d="M9 1.75C4.99594 1.75 1.75 4.99594 1.75 9C1.75 13.0041 4.99594 16.25 9 16.25C13.0041 16.25 16.25 13.0041 16.25 9C16.25 4.99594 13.0041 1.75 9 1.75ZM0.25 9C0.25 4.16751 4.16751 0.25 9 0.25C13.8325 0.25 17.75 4.16751 17.75 9C17.75 13.8325 13.8325 17.75 9 17.75C4.16751 17.75 0.25 13.8325 0.25 9Z"
                      fill="#bd8600"
                      fill-rule="evenodd"
                    />
                    <path
                      d="M10 4H8V10H10V4Z"
                      fill="#bd8600"
                    />
                    <path
                      d="M10 12H8V14H10V12Z"
                      fill="#bd8600"
                    />
                  </svg>
                </div>
                <div
                  class="fraud-protection-rule-card-notice-text"
                >
                  Payments failing address verification will be blocked. For security, this filter cannot be modified. 
                  <a
                    data-link-type="wc-admin"
                    href="https://woocommerce.com/document/payments/additional-payment-methods/#available-methods"
                  >
                    Learn more
                  </a>
                </div>
              </div>
            </div>
          </div>
        </div>
        <div
          class="components-card is-size-medium fraud-protection-rule-card css-1xs3c37-CardUI e1q7k77g0"
        >
          <div
            class="components-card__body is-size-medium wcpay-card-body fraud-protection-rule-card-header-container css-xmjzce-BodyUI e1q7k77g3"
          >
            <div>
              <p
                class="fraud-protection-rule-card-header"
              >
                CVC Verification
              </p>
              <p
                class="fraud-protection-rule-card-description"
              >
                This filter checks the security code submitted by the customer against the data on file with the card issuer.
              </p>
            </div>
          </div>
          <hr />
          <div
            class="components-card__body is-size-medium wcpay-card-body css-xmjzce-BodyUI e1q7k77g3"
          >
            <div>
              <div
                class="fraud-protection-rule-description"
              >
                <strong>
                  How does this filter protect me?
                </strong>
                <p>
                  Because the card security code appears only on the card and not on receipts or statements, the card security code provides some assurance that the physical card is in the possession of the buyer.
                </p>
              </div>
              <div
                class="fraud-protection-rule-card-notice fraud-protection-rule-card-notice-warning"
              >
                <div
                  class="fraud-protection-rule-card-notice-icon"
                >
                  <svg
                    data-testid="rule-card-notice-warning-icon-svg"
                    fill="none"
                    height="18"
                    viewBox="0 0 18 18"
                    width="18"
                    xmlns="http://www.w3.org/2000/svg"
                  >
                    <path
                      clip-rule="evenodd"
                      d="M9 1.75C4.99594 1.75 1.75 4.99594 1.75 9C1.75 13.0041 4.99594 16.25 9 16.25C13.0041 16.25 16.25 13.0041 16.25 9C16.25 4.99594 13.0041 1.75 9 1.75ZM0.25 9C0.25 4.16751 4.16751 0.25 9 0.25C13.8325 0.25 17.75 4.16751 17.75 9C17.75 13.8325 13.8325 17.75 9 17.75C4.16751 17.75 0.25 13.8325 0.25 9Z"
                      fill="#bd8600"
                      fill-rule="evenodd"
                    />
                    <path
                      d="M10 4H8V10H10V4Z"
                      fill="#bd8600"
                    />
                    <path
                      d="M10 12H8V14H10V12Z"
                      fill="#bd8600"
                    />
                  </svg>
                </div>
                <div
                  class="fraud-protection-rule-card-notice-text"
                >
                  Payments failing CVC verification will be blocked. For security, this filter cannot be modified. 
                  <a
                    data-link-type="wc-admin"
                    href="https://woocommerce.com/document/payments/additional-payment-methods/#available-methods"
                  >
                    Learn more
                  </a>
                </div>
              </div>
            </div>
          </div>
        </div>
        <div
          class="components-card is-size-medium fraud-protection-rule-card css-1xs3c37-CardUI e1q7k77g0"
        >
          <div
            class="components-card__body is-size-medium wcpay-card-body fraud-protection-rule-card-header-container css-xmjzce-BodyUI e1q7k77g3"
          >
            <div>
              <p
                class="fraud-protection-rule-card-header"
              >
                International IP Address
              </p>
              <p
                class="fraud-protection-rule-card-description"
              >
                This filter screens for IP addresses outside of your 
                <a
                  data-link-type="wc-admin"
                  href="#"
                >
                  supported countries
                </a>
                .
              </p>
            </div>
          </div>
          <hr />
          <div
            class="components-card__body is-size-medium wcpay-card-body css-xmjzce-BodyUI e1q7k77g3"
          >
            <div>
              <div
                class="fraud-protection-rule-toggle"
              >
                <strong>
                  Enable filtering
                </strong>
                <div
                  class="components-base-control components-toggle-control fraud-protection-rule-toggle-toggle css-wdf2ti-Wrapper e1puf3u0"
                >
                  <div
                    class="components-base-control__field css-11vcxb9-StyledField e1puf3u1"
                  >
                    <span
                      class="components-form-toggle"
                    >
                      <input
                        aria-describedby="inspector-toggle-control-0__help"
                        class="components-form-toggle__input"
                        id="inspector-toggle-control-0"
                        type="checkbox"
                      />
                      <span
                        class="components-form-toggle__track"
                      />
                      <span
                        class="components-form-toggle__thumb"
                      />
                    </span>
                    <label
                      class="components-toggle-control__label"
                      for="inspector-toggle-control-0"
                    >
                      Screen transactions for international IP addresses
                    </label>
                  </div>
                  <p
                    class="components-base-control__help css-1wm1a55-StyledHelp e1puf3u3"
                    id="inspector-toggle-control-0__help"
                  >
                    When enabled, the payment method will not be charged until you review and approve the transaction
                  </p>
                </div>
              </div>
              <div
                class="fraud-protection-rule-description"
              >
                <strong>
                  How does this filter protect me?
                </strong>
                <p>
                  You should be especially wary when a customer has an international IP address but uses domestic billing and shipping information. Fraudsters often pretend to live in one location, but live and shop from another.
                </p>
              </div>
            </div>
          </div>
        </div>
        <div
          class="components-card is-size-medium fraud-protection-rule-card css-1xs3c37-CardUI e1q7k77g0"
        >
          <div
            class="components-card__body is-size-medium wcpay-card-body fraud-protection-rule-card-header-container css-xmjzce-BodyUI e1q7k77g3"
          >
            <div>
              <p
                class="fraud-protection-rule-card-header"
              >
                International Billing Address
              </p>
              <p
                class="fraud-protection-rule-card-description"
              >
                This filter screens the customer's billing information for addresses outside of your 
                <a
                  data-link-type="wc-admin"
                  href="#"
                >
                  supported countries
                </a>
                .
              </p>
            </div>
          </div>
          <hr />
          <div
            class="components-card__body is-size-medium wcpay-card-body css-xmjzce-BodyUI e1q7k77g3"
          >
            <div>
              <div
                class="fraud-protection-rule-toggle"
              >
                <strong>
                  Enable filtering
                </strong>
                <div
                  class="components-base-control components-toggle-control fraud-protection-rule-toggle-toggle css-wdf2ti-Wrapper e1puf3u0"
                >
                  <div
                    class="components-base-control__field css-11vcxb9-StyledField e1puf3u1"
                  >
                    <span
                      class="components-form-toggle"
                    >
                      <input
                        aria-describedby="inspector-toggle-control-1__help"
                        class="components-form-toggle__input"
                        id="inspector-toggle-control-1"
                        type="checkbox"
                      />
                      <span
                        class="components-form-toggle__track"
                      />
                      <span
                        class="components-form-toggle__thumb"
                      />
                    </span>
                    <label
                      class="components-toggle-control__label"
                      for="inspector-toggle-control-1"
                    >
                      Screen transactions for international billing addresses
                    </label>
                  </div>
                  <p
                    class="components-base-control__help css-1wm1a55-StyledHelp e1puf3u3"
                    id="inspector-toggle-control-1__help"
                  >
                    When enabled, the payment method will not be charged until you review and approve the transaction
                  </p>
                </div>
              </div>
              <div
                class="fraud-protection-rule-description"
              >
                <strong>
                  How does this filter protect me?
                </strong>
                <p>
                  Due to the difficulty of authenticating foreign citizens and cross-border legal enforcement against fraudulent activities, you should exercise caution when accepting orders from customers in foreign countries who are using non-domestic addresses.
                </p>
              </div>
            </div>
          </div>
        </div>
        <div
          class="components-card is-size-medium fraud-protection-rule-card css-1xs3c37-CardUI e1q7k77g0"
        >
          <div
            class="components-card__body is-size-medium wcpay-card-body fraud-protection-rule-card-header-container css-xmjzce-BodyUI e1q7k77g3"
          >
            <div>
              <p
                class="fraud-protection-rule-card-header"
              >
                Address Mismatch
              </p>
              <p
                class="fraud-protection-rule-card-description"
              >
                This filter screens for differences between the shipping information and the billing information (street, state, post code, and country).
              </p>
            </div>
          </div>
          <hr />
          <div
            class="components-card__body is-size-medium wcpay-card-body css-xmjzce-BodyUI e1q7k77g3"
          >
            <div>
              <div
                class="fraud-protection-rule-toggle"
              >
                <strong>
                  Enable filtering
                </strong>
                <div
                  class="components-base-control components-toggle-control fraud-protection-rule-toggle-toggle css-wdf2ti-Wrapper e1puf3u0"
                >
                  <div
                    class="components-base-control__field css-11vcxb9-StyledField e1puf3u1"
                  >
                    <span
                      class="components-form-toggle"
                    >
                      <input
                        aria-describedby="inspector-toggle-control-2__help"
                        class="components-form-toggle__input"
                        id="inspector-toggle-control-2"
                        type="checkbox"
                      />
                      <span
                        class="components-form-toggle__track"
                      />
                      <span
                        class="components-form-toggle__thumb"
                      />
                    </span>
                    <label
                      class="components-toggle-control__label"
                      for="inspector-toggle-control-2"
                    >
                      Screen transactions for mismatched addresses
                    </label>
                  </div>
                  <p
                    class="components-base-control__help css-1wm1a55-StyledHelp e1puf3u3"
                    id="inspector-toggle-control-2__help"
                  >
                    When enabled, the payment method will not be charged until you review and approve the transaction
                  </p>
                </div>
              </div>
              <div
                class="fraud-protection-rule-description"
              >
                <strong>
                  How does this filter protect me?
                </strong>
                <p>
                  There are legitimate reasons for a billing/shipping mismatch with a customer purchase, but a mismatch could also indicate that someone is using a stolen identity to complete a purchase.
                </p>
              </div>
              <div
                class="fraud-protection-rule-card-notice fraud-protection-rule-card-notice-info"
              >
                <div
                  class="fraud-protection-rule-card-notice-icon"
                >
                  <svg
                    data-testid="rule-card-notice-info-icon-svg"
                    fill="none"
                    height="18"
                    viewBox="0 0 24 24"
                    width="18"
                    xmlns="http://www.w3.org/2000/svg"
                  >
                    <circle
                      cx="12"
                      cy="9"
                      r="5"
                      stroke="#007CBA"
                      stroke-width="1.42857"
                    />
                    <line
                      stroke="#007CBA"
                      stroke-width="1.5"
                      x1="9"
                      x2="15"
                      y1="16.8818"
                      y2="16.8818"
                    />
                    <line
                      stroke="#007CBA"
                      stroke-width="1.5"
                      x1="10"
                      x2="14"
                      y1="19.25"
                      y2="19.25"
                    />
                  </svg>
                </div>
                <div
                  class="fraud-protection-rule-card-notice-text"
                >
                  This filter may modify the address input on your checkout. 
                  <a
                    data-link-type="wc-admin"
                    href="https://woocommerce.com/document/payments/additional-payment-methods/#available-methods"
                  >
                    Learn more
                  </a>
                </div>
              </div>
            </div>
          </div>
        </div>
        <div
          class="components-card is-size-medium fraud-protection-rule-card css-1xs3c37-CardUI e1q7k77g0"
        >
          <div
            class="components-card__body is-size-medium wcpay-card-body fraud-protection-rule-card-header-container css-xmjzce-BodyUI e1q7k77g3"
          >
            <div>
              <p
                class="fraud-protection-rule-card-header"
              >
                Order Velocity
              </p>
              <p
                class="fraud-protection-rule-card-description"
              >
                This filter screens for excessive repeat orders from the same IP address or payment card.
              </p>
            </div>
          </div>
          <hr />
          <div
            class="components-card__body is-size-medium wcpay-card-body css-xmjzce-BodyUI e1q7k77g3"
          >
            <div
              class="fraud-protection-rule-toggle"
            >
              <strong>
                Enable filtering
              </strong>
              <div
                class="components-base-control components-toggle-control fraud-protection-rule-toggle-toggle css-wdf2ti-Wrapper e1puf3u0"
              >
                <div
                  class="components-base-control__field css-11vcxb9-StyledField e1puf3u1"
                >
                  <span
                    class="components-form-toggle"
                  >
                    <input
                      aria-describedby="inspector-toggle-control-3__help"
                      class="components-form-toggle__input"
                      id="inspector-toggle-control-3"
                      type="checkbox"
                    />
                    <span
                      class="components-form-toggle__track"
                    />
                    <span
                      class="components-form-toggle__thumb"
                    />
                  </span>
                  <label
                    class="components-toggle-control__label"
                    for="inspector-toggle-control-3"
                  >
                    Screen transactions for excessive repeat orders
                  </label>
                </div>
                <p
                  class="components-base-control__help css-1wm1a55-StyledHelp e1puf3u3"
                  id="inspector-toggle-control-3__help"
                >
                  When enabled, the payment method will not be charged until you review and approve the transaction
                </p>
              </div>
            </div>
            <div
              class="fraud-protection-rule-description"
            >
              <strong>
                How does this filter protect me?
              </strong>
              <p>
                Fraudsters often submit multiple purchases using an automated script that tests unknown card numbers. Alternatively, the fraudster may attempt to bypass other filters by making multiple small purchases with multiple stolen account numbers.
              </p>
            </div>
          </div>
        </div>
        <div
          class="components-card is-size-medium fraud-protection-rule-card css-1xs3c37-CardUI e1q7k77g0"
        >
          <div
            class="components-card__body is-size-medium wcpay-card-body fraud-protection-rule-card-header-container css-xmjzce-BodyUI e1q7k77g3"
          >
            <div>
              <p
                class="fraud-protection-rule-card-header"
              >
                Purchase Price Threshold
              </p>
              <p
                class="fraud-protection-rule-card-description"
              >
                This filter compares the purchase price of an order to the minimum and maximum purchase amounts that you specify.
              </p>
            </div>
          </div>
          <hr />
          <div
            class="components-card__body is-size-medium wcpay-card-body css-xmjzce-BodyUI e1q7k77g3"
          >
            <div>
              <div
                class="fraud-protection-rule-toggle"
              >
                <strong>
                  Enable filtering
                </strong>
                <div
                  class="components-base-control components-toggle-control fraud-protection-rule-toggle-toggle css-wdf2ti-Wrapper e1puf3u0"
                >
                  <div
                    class="components-base-control__field css-11vcxb9-StyledField e1puf3u1"
                  >
                    <span
                      class="components-form-toggle"
                    >
                      <input
                        aria-describedby="inspector-toggle-control-4__help"
                        class="components-form-toggle__input"
                        id="inspector-toggle-control-4"
                        type="checkbox"
                      />
                      <span
                        class="components-form-toggle__track"
                      />
                      <span
                        class="components-form-toggle__thumb"
                      />
                    </span>
                    <label
                      class="components-toggle-control__label"
                      for="inspector-toggle-control-4"
                    >
                      Screen transactions for abnormal purchase prices
                    </label>
                  </div>
                  <p
                    class="components-base-control__help css-1wm1a55-StyledHelp e1puf3u3"
                    id="inspector-toggle-control-4__help"
                  >
                    When enabled, the payment method will not be charged until you review and approve the transaction
                  </p>
                </div>
              </div>
              <div
                class="fraud-protection-rule-description"
              >
                <strong>
                  How does this filter protect me?
                </strong>
                <p>
                  An unusually high purchase amount, compared to the average for your business, can indicate potential fraudulent activity.
                </p>
              </div>
            </div>
          </div>
        </div>
        <div
          class="components-card is-size-medium fraud-protection-rule-card css-1xs3c37-CardUI e1q7k77g0"
        >
          <div
            class="components-card__body is-size-medium wcpay-card-body fraud-protection-rule-card-header-container css-xmjzce-BodyUI e1q7k77g3"
          >
            <div>
              <p
                class="fraud-protection-rule-card-header"
              >
                Order Items Threshold
              </p>
              <p
                class="fraud-protection-rule-card-description"
              >
                This filter compares the amount of items in an order to the minimum and maximum counts that you specify.
              </p>
            </div>
          </div>
          <hr />
          <div
            class="components-card__body is-size-medium wcpay-card-body css-xmjzce-BodyUI e1q7k77g3"
          >
            <div>
              <div
                class="fraud-protection-rule-toggle"
              >
                <strong>
                  Enable filtering
                </strong>
                <div
                  class="components-base-control components-toggle-control fraud-protection-rule-toggle-toggle css-wdf2ti-Wrapper e1puf3u0"
                >
                  <div
                    class="components-base-control__field css-11vcxb9-StyledField e1puf3u1"
                  >
                    <span
                      class="components-form-toggle"
                    >
                      <input
                        aria-describedby="inspector-toggle-control-5__help"
                        class="components-form-toggle__input"
                        id="inspector-toggle-control-5"
                        type="checkbox"
                      />
                      <span
                        class="components-form-toggle__track"
                      />
                      <span
                        class="components-form-toggle__thumb"
                      />
                    </span>
                    <label
                      class="components-toggle-control__label"
                      for="inspector-toggle-control-5"
                    >
                      Screen transactions for abnormal item counts
                    </label>
                  </div>
                  <p
                    class="components-base-control__help css-1wm1a55-StyledHelp e1puf3u3"
                    id="inspector-toggle-control-5__help"
                  >
                    When enabled, the payment method will not be charged until you review and approve the transaction
                  </p>
                </div>
              </div>
              <div
                class="fraud-protection-rule-description"
              >
                <strong>
                  How does this filter protect me?
                </strong>
                <p>
                  An unusually high item count, compared to the average for your business, can indicate potential fraudulent activity.
                </p>
              </div>
            </div>
          </div>
        </div>
      </div>
    </div>
  </div>,
  "debug": [Function],
  "findAllByAltText": [Function],
  "findAllByDisplayValue": [Function],
  "findAllByLabelText": [Function],
  "findAllByPlaceholderText": [Function],
  "findAllByRole": [Function],
  "findAllByTestId": [Function],
  "findAllByText": [Function],
  "findAllByTitle": [Function],
  "findByAltText": [Function],
  "findByDisplayValue": [Function],
  "findByLabelText": [Function],
  "findByPlaceholderText": [Function],
  "findByRole": [Function],
  "findByTestId": [Function],
  "findByText": [Function],
  "findByTitle": [Function],
  "getAllByAltText": [Function],
  "getAllByDisplayValue": [Function],
  "getAllByLabelText": [Function],
  "getAllByPlaceholderText": [Function],
  "getAllByRole": [Function],
  "getAllByTestId": [Function],
  "getAllByText": [Function],
  "getAllByTitle": [Function],
  "getByAltText": [Function],
  "getByDisplayValue": [Function],
  "getByLabelText": [Function],
  "getByPlaceholderText": [Function],
  "getByRole": [Function],
  "getByTestId": [Function],
  "getByText": [Function],
  "getByTitle": [Function],
  "queryAllByAltText": [Function],
  "queryAllByDisplayValue": [Function],
  "queryAllByLabelText": [Function],
  "queryAllByPlaceholderText": [Function],
  "queryAllByRole": [Function],
  "queryAllByTestId": [Function],
  "queryAllByText": [Function],
  "queryAllByTitle": [Function],
  "queryByAltText": [Function],
  "queryByDisplayValue": [Function],
  "queryByLabelText": [Function],
  "queryByPlaceholderText": [Function],
  "queryByRole": [Function],
  "queryByTestId": [Function],
  "queryByText": [Function],
  "queryByTitle": [Function],
  "rerender": [Function],
  "unmount": [Function],
}
`;
