// Jest Snapshot v1, https://goo.gl/fbAQLP

exports[`Deposit overview renders correctly 1`] = `
<div>
  <div
    class="woocommerce-card wcpay-deposit-overview"
  >
    <div
      class="woocommerce-card__body"
    >
      <div
        class="wcpay-deposit-detail"
      >
        <div
          class="wcpay-deposit-date"
        >
          Deposit date: 
          Jan 2, 2020
        </div>
        <div
          class="wcpay-deposit-status"
        >
          <div
            class="woocommerce-order-status"
          >
            <span
              class="woocommerce-order-status__indicator is-paid"
            />
            Paid
          </div>
        </div>
        <div
          class="wcpay-deposit-bank-account"
        >
          MOCK BANK •••• 1234 (USD)
        </div>
      </div>
      <div
        class="wcpay-deposit-hero"
      >
        <div
          class="wcpay-deposit-amount"
        >
          $20.00
        </div>
      </div>
    </div>
  </div>
</div>
`;
