// Jest Snapshot v1, https://goo.gl/fbAQLP

exports[`Deposit details page renders correctly 1`] = `
<Fragment>
  <DepositOverview
    depositId="po_mock"
  />
  <TransactionsList
    depositId="po_mock"
  />
</Fragment>
`;

exports[`Deposit overview renders correctly 1`] = `
<Card
  className="wcpay-deposit-overview"
>
  <div
    className="wcpay-deposit-detail"
  >
    <div
      className="wcpay-deposit-date"
    >
      <Loadable
        isLoading={false}
        placeholder="Date placeholder"
      >
        Deposit date: 
        Jan 2, 2020
      </Loadable>
    </div>
    <div
      className="wcpay-deposit-status"
    >
      <Loadable
        isLoading={false}
        placeholder="Status placeholder"
      >
        <Status
          status="paid"
        />
      </Loadable>
    </div>
    <div
      className="wcpay-deposit-bank-account"
    >
      <Loadable
        isLoading={false}
        placeholder="Bank account placeholder"
      >
        MOCK BANK •••• 1234 (USD)
      </Loadable>
    </div>
  </div>
  <div
    className="wcpay-deposit-hero"
  >
    <div
      className="wcpay-deposit-amount"
    >
      <Loadable
        display="inline"
        isLoading={false}
        placeholder="Amount"
      >
        $20.00
      </Loadable>
    </div>
  </div>
</Card>
`;
