// Jest Snapshot v1, https://goo.gl/fbAQLP

exports[`HorizontalList correctly renders a List element with horizontal class modifier 1`] = `
<div>
  <ul
    class="woocommerce-experimental-list--horizontal wcpayments-horizontal-list"
  >
    <li
      class="woocommerce-experimental-list__item has-gutters transitions-disabled "
    >
      <div
        class="woocommerce-experimental-list__item-inner"
      >
        <span
          class="woocommerce-experimental-list__item-title"
        >
          Item 1
        </span>
        <span
          class="woocommerce-experimental-list__item-content"
        >
          Item 1 content
        </span>
      </div>
    </li>
    <li
      class="woocommerce-experimental-list__item has-gutters transitions-disabled "
    >
      <div
        class="woocommerce-experimental-list__item-inner"
      >
        <span
          class="woocommerce-experimental-list__item-title"
        >
          Item 2
        </span>
        <span
          class="woocommerce-experimental-list__item-content"
        >
          Item 2 content
        </span>
      </div>
    </li>
    <li
      class="woocommerce-experimental-list__item has-gutters transitions-disabled "
    >
      <div
        class="woocommerce-experimental-list__item-inner"
      >
        <span
          class="woocommerce-experimental-list__item-title"
        >
          Item 3
        </span>
        <span
          class="woocommerce-experimental-list__item-content"
        >
          Item 3 content
        </span>
      </div>
    </li>
    <li
      class="woocommerce-experimental-list__item has-gutters transitions-disabled "
    >
      <div
        class="woocommerce-experimental-list__item-inner"
      >
        <span
          class="woocommerce-experimental-list__item-title"
        >
          Item 4
        </span>
        <span
          class="woocommerce-experimental-list__item-content"
        >
          Item 4 content
        </span>
      </div>
    </li>
  </ul>
</div>
`;
