// Jest Snapshot v1, https://goo.gl/fbAQLP

exports[`AccountBalances renders 1`] = `
<div>
  <div
    class="components-card is-size-medium wcpay-account-balances css-1xs3c37-CardUI e1q7k77g0"
  >
    <div
      class="components-flex components-card__header is-size-small e1q7k77g1 css-1ufeymn-Flex-HeaderUI eboqfv50"
    >
      Good afternoon
    </div>
    <div>
      <div
        aria-orientation="horizontal"
        class="components-tab-panel__tabs"
        role="tablist"
      >
        <button
          aria-controls="tab-panel-0-loading-view"
          aria-selected="true"
          class="components-button components-tab-panel__tabs-item is-active"
          id="tab-panel-0-loading"
          role="tab"
          type="button"
        >
          USD Balance
        </button>
      </div>
      <div
        aria-labelledby="tab-panel-0-loading"
        class="components-tab-panel__tab-content"
        id="tab-panel-0-loading-view"
        role="tabpanel"
      >
        <div
          class="components-flex wcpay-account-balances__balances css-1xu3jp0-Flex eboqfv50"
        >
          <div
            class="wcpay-account-balances__balances__item"
          >
            <p
              class="wcpay-account-balances__balances__item__title"
            >
              Available funds
            </p>
            <p
              class="wcpay-account-balances__balances__item__amount"
            >
              $0.00
            </p>
          </div>
          <div
            class="wcpay-account-balances__balances__item"
          >
            <p
              class="wcpay-account-balances__balances__item__title"
            >
              Pending funds
            </p>
            <p
              class="wcpay-account-balances__balances__item__amount"
            >
              $0.00
            </p>
          </div>
          <div
            class="wcpay-account-balances__balances__item"
          >
            <p
              class="wcpay-account-balances__balances__item__title"
            >
              Reserve funds
            </p>
            <p
              class="wcpay-account-balances__balances__item__amount"
            >
              $0.00
            </p>
          </div>
        </div>
      </div>
    </div>
  </div>
</div>
`;
