// Jest Snapshot v1, https://goo.gl/fbAQLP

exports[`Transactions list renders correctly 1`] = `
<TableCard
  baseSearchQuery={Object {}}
  className="transactions-list"
  compareParam="filter"
  downloadable={false}
  headers={
    Array [
      Object {
        "cellClassName": "info-button",
        "key": "details",
        "label": "",
        "required": true,
      },
      Object {
        "cellClassName": "date-time",
        "defaultOrder": "desc",
        "isLeftAligned": true,
        "key": "created",
        "label": "Date / Time",
        "required": true,
      },
      Object {
        "key": "type",
        "label": "Type",
        "required": true,
      },
      Object {
        "isNumeric": true,
        "key": "amount",
        "label": "Amount",
      },
      Object {
        "isNumeric": true,
        "key": "fee",
        "label": "Fees",
      },
      Object {
        "isNumeric": true,
        "key": "net",
        "label": "Net",
        "required": true,
      },
      Object {
        "key": "order",
        "label": "Order #",
        "required": true,
      },
      Object {
        "key": "source",
        "label": "Source",
      },
      Object {
        "key": "customer",
        "label": "Customer",
      },
      Object {
        "hiddenByDefault": true,
        "key": "email",
        "label": "Email",
      },
      Object {
        "hiddenByDefault": true,
        "key": "country",
        "label": "Country",
      },
      Object {
        "hiddenByDefault": true,
        "key": "riskLevel",
        "label": "Risk Level",
      },
    ]
  }
  isLoading={false}
  onColumnsChange={[Function]}
  onQueryChange={[Function]}
  onSearch={[Function]}
  query={Object {}}
  rowHeader={0}
  rows={
    Array [
      Array [
        Object {
          "display": "",
          "value": "txn_j23jda9JJa",
        },
        Object {
          "display": "Jan 2, 2020 / 5:46PM",
          "value": "2020-01-02 17:46:02",
        },
        Object {
          "display": "Refund",
          "value": "refund",
        },
        Object {
          "display": "$10.00",
          "value": 10,
        },
        Object {
          "display": "$-0.50",
          "value": 0.5,
        },
        Object {
          "display": "$9.50",
          "value": 9.5,
        },
        Object {
          "display": <OrderLink
            order={123}
          />,
          "value": 123,
        },
        Object {
          "display": <span
            className="payment-method__brand payment-method__brand--visa"
          />,
          "value": "visa",
        },
        Object {
          "display": "Another customer",
          "value": "Another customer",
        },
        Object {
          "display": "another@customer.com",
          "value": "another@customer.com",
        },
        Object {
          "display": "US",
          "value": "US",
        },
        Object {
          "display": "High",
          "value": "high",
        },
      ],
      Array [
        Object {
          "display": "",
          "value": "txn_oa9kaKaa8",
        },
        Object {
          "display": "Jan 5, 2020 / 4:22AM",
          "value": "2020-01-05 04:22:59",
        },
        Object {
          "display": "Charge",
          "value": "charge",
        },
        Object {
          "display": "$15.00",
          "value": 15,
        },
        Object {
          "display": "$-0.50",
          "value": 0.5,
        },
        Object {
          "display": "$14.50",
          "value": 14.5,
        },
        Object {
          "display": <OrderLink
            order={125}
          />,
          "value": 125,
        },
        Object {
          "display": <span
            className="payment-method__brand payment-method__brand--mastercard"
          />,
          "value": "mastercard",
        },
        Object {
          "display": "My name",
          "value": "My name",
        },
        Object {
          "display": "a@b.com",
          "value": "a@b.com",
        },
        Object {
          "display": "US",
          "value": "US",
        },
        Object {
          "display": "Normal",
          "value": "normal",
        },
      ],
    ]
  }
  rowsPerPage={10}
  showMenu={true}
  summary={
    Array [
      Object {
        "label": "transactions",
        "value": "10",
      },
      Object {
        "label": "total",
        "value": "$10.00",
      },
      Object {
        "label": "fees",
        "value": "$1.00",
      },
      Object {
        "label": "net",
        "value": "$9.00",
      },
    ]
  }
  title="Transactions"
  totalRows={10}
/>
`;
